------------------------------------------------------------
Server listening on UDP port 10003 with pid 23904
Receiving 1470 byte datagrams
UDP buffer size: 63.0 KByte (default)
------------------------------------------------------------
[  3] local 192.168.168.1 port 10003 connected with 192.168.168.6 port 3197
[ ID] Interval       Transfer     Bandwidth        Jitter   Lost/Total  Latency avg/min/max/stdev PPS
[  3] 0.00-1.00 sec  86.0 KBytes   705 Kbits/sec   0.073 ms    0/   86 (0%)  0.337/ 0.235/ 0.485/ 0.070 ms   85 pps
[  3] 1.00-2.00 sec  84.0 KBytes   688 Kbits/sec   0.073 ms    0/   84 (0%)  0.333/ 0.226/ 0.464/ 0.061 ms   85 pps
[  3] 2.00-3.00 sec  85.0 KBytes   696 Kbits/sec   0.135 ms    0/   85 (0%)  0.388/ 0.238/ 3.704/ 0.369 ms   84 pps
[  3] 3.00-4.00 sec  85.0 KBytes   696 Kbits/sec   0.080 ms    0/   85 (0%)  0.343/ 0.207/ 0.660/ 0.082 ms   85 pps
[  3] 4.00-5.00 sec  85.0 KBytes   696 Kbits/sec   0.080 ms    0/   85 (0%)  0.339/ 0.219/ 0.474/ 0.064 ms   85 pps
[  3] 5.00-6.00 sec  85.0 KBytes   696 Kbits/sec   0.089 ms    0/   85 (0%)  0.331/ 0.210/ 0.464/ 0.061 ms   84 pps
[  3] 6.00-7.00 sec  86.0 KBytes   705 Kbits/sec   0.187 ms    0/   86 (0%)  0.371/ 0.237/ 2.630/ 0.255 ms   86 pps
[  3] 7.00-8.00 sec  85.0 KBytes   696 Kbits/sec   0.074 ms    0/   85 (0%)  0.355/ 0.218/ 0.994/ 0.095 ms   85 pps
[  3] 8.00-9.00 sec  85.0 KBytes   696 Kbits/sec   0.169 ms    0/   85 (0%)  0.358/ 0.206/ 1.237/ 0.138 ms   85 pps
[  3] 9.00-10.00 sec  85.0 KBytes   696 Kbits/sec   0.070 ms    0/   85 (0%)  0.347/ 0.206/ 0.521/ 0.070 ms   85 pps
[  3] 10.00-11.00 sec  84.0 KBytes   688 Kbits/sec   0.072 ms    0/   84 (0%)  0.387/ 0.205/ 2.671/ 0.364 ms   85 pps
[  3] 11.00-12.00 sec  86.0 KBytes   705 Kbits/sec   0.075 ms    0/   86 (0%)  0.349/ 0.223/ 0.488/ 0.062 ms   85 pps
[  3] 12.00-13.00 sec  84.0 KBytes   688 Kbits/sec   0.242 ms    0/   84 (0%)  0.356/ 0.213/ 2.023/ 0.201 ms   85 pps
[  3] 13.00-14.00 sec  86.0 KBytes   705 Kbits/sec   0.122 ms    0/   86 (0%)  0.409/ 0.209/ 6.019/ 0.616 ms   85 pps
[  3] 14.00-15.00 sec  85.0 KBytes   696 Kbits/sec   0.077 ms    0/   85 (0%)  0.355/ 0.218/ 1.092/ 0.101 ms   85 pps
[  3] 15.00-16.00 sec  84.0 KBytes   688 Kbits/sec   0.062 ms    0/   84 (0%)  0.340/ 0.206/ 0.491/ 0.065 ms   85 pps
[  3] 16.00-17.00 sec  86.0 KBytes   705 Kbits/sec   0.070 ms    0/   86 (0%)  0.352/ 0.253/ 0.497/ 0.055 ms   85 pps
[  3] 17.00-18.00 sec  84.0 KBytes   688 Kbits/sec   0.219 ms    0/   84 (0%)  0.452/ 0.188/ 2.967/ 0.490 ms   85 pps
[  3] 18.00-19.00 sec  86.0 KBytes   705 Kbits/sec   0.076 ms    0/   86 (0%)  0.344/ 0.216/ 0.536/ 0.061 ms   85 pps
[  3] 19.00-20.00 sec  85.0 KBytes   696 Kbits/sec   0.051 ms    0/   85 (0%)  0.335/ 0.226/ 0.442/ 0.052 ms   85 pps
[  3] 20.00-21.00 sec  84.0 KBytes   688 Kbits/sec   0.081 ms    0/   84 (0%)  0.368/ 0.203/ 2.073/ 0.211 ms   85 pps
[  3] 21.00-22.00 sec  86.0 KBytes   705 Kbits/sec   0.091 ms    0/   86 (0%)  0.448/ 0.187/ 6.015/ 0.667 ms   86 pps
[  3] 22.00-23.00 sec  85.0 KBytes   696 Kbits/sec   0.084 ms    0/   85 (0%)  0.344/ 0.200/ 0.593/ 0.070 ms   85 pps
[  3] 23.00-24.00 sec  85.0 KBytes   696 Kbits/sec   0.294 ms    0/   85 (0%)  0.374/ 0.217/ 3.058/ 0.301 ms   85 pps
[  3] 24.00-25.00 sec  84.0 KBytes   688 Kbits/sec   0.074 ms    0/   84 (0%)  0.375/ 0.204/ 1.132/ 0.154 ms   85 pps
[  3] 25.00-26.00 sec  86.0 KBytes   705 Kbits/sec   0.090 ms    0/   86 (0%)  0.351/ 0.204/ 0.589/ 0.070 ms   85 pps
[  3] 26.00-27.00 sec  85.0 KBytes   696 Kbits/sec   0.104 ms    0/   85 (0%)  0.369/ 0.213/ 4.004/ 0.405 ms   85 pps
[  3] 27.00-28.00 sec  85.0 KBytes   696 Kbits/sec   0.061 ms    0/   85 (0%)  0.351/ 0.230/ 0.523/ 0.058 ms   84 pps
[  3] 28.00-29.00 sec  85.0 KBytes   696 Kbits/sec   0.156 ms    0/   85 (0%)  0.499/ 0.238/ 5.996/ 0.703 ms   86 pps
[  3] 29.00-30.00 sec  86.0 KBytes   705 Kbits/sec   0.081 ms    0/   86 (0%)  0.420/ 0.243/ 5.983/ 0.610 ms   85 pps
[  3] 30.00-31.00 sec  84.0 KBytes   688 Kbits/sec   0.150 ms    0/   84 (0%)  0.469/ 0.230/ 4.990/ 0.712 ms   85 pps
[  3] 31.00-32.00 sec  85.0 KBytes   696 Kbits/sec   0.086 ms    0/   85 (0%)  0.346/ 0.229/ 0.746/ 0.085 ms   85 pps
[  3] 32.00-33.00 sec  86.0 KBytes   705 Kbits/sec   0.092 ms    0/   86 (0%)  0.353/ 0.221/ 0.990/ 0.112 ms   85 pps
[  3] 33.00-34.00 sec  84.0 KBytes   688 Kbits/sec   0.084 ms    0/   84 (0%)  0.341/ 0.205/ 0.485/ 0.061 ms   85 pps
[  3] 34.00-35.00 sec  85.0 KBytes   696 Kbits/sec   0.082 ms    0/   85 (0%)  0.351/ 0.218/ 0.532/ 0.068 ms   85 pps
[  3] 35.00-36.00 sec  85.0 KBytes   696 Kbits/sec   0.057 ms    0/   85 (0%)  0.345/ 0.239/ 0.611/ 0.063 ms   85 pps
[  3] 36.00-37.00 sec  86.0 KBytes   705 Kbits/sec   0.180 ms    0/   86 (0%)  0.408/ 0.226/ 2.757/ 0.375 ms   85 pps
[  3] 37.00-38.00 sec  85.0 KBytes   696 Kbits/sec   0.102 ms    0/   85 (0%)  0.356/ 0.200/ 0.936/ 0.106 ms   85 pps
[  3] 38.00-39.00 sec  84.0 KBytes   688 Kbits/sec   0.461 ms    0/   84 (0%)  0.400/ 0.227/ 5.973/ 0.618 ms   85 pps
[  3] 39.00-40.00 sec  85.0 KBytes   696 Kbits/sec   0.063 ms    0/   85 (0%)  0.353/ 0.202/ 0.958/ 0.093 ms   85 pps
[  3] 40.00-41.00 sec  85.0 KBytes   696 Kbits/sec   0.296 ms    0/   85 (0%)  0.554/ 0.216/ 5.344/ 0.899 ms   85 pps
[  3] 41.00-42.00 sec  86.0 KBytes   705 Kbits/sec   0.220 ms    0/   86 (0%)  0.443/ 0.197/ 5.030/ 0.714 ms   85 pps
[  3] 42.00-43.00 sec  84.0 KBytes   688 Kbits/sec   0.077 ms    0/   84 (0%)  0.398/ 0.210/ 3.720/ 0.395 ms   85 pps
[  3] 43.00-44.00 sec  85.0 KBytes   696 Kbits/sec   0.162 ms    0/   85 (0%)  0.433/ 0.234/ 2.987/ 0.425 ms   85 pps
[  3] 44.00-45.00 sec  86.0 KBytes   705 Kbits/sec   0.068 ms    0/   86 (0%)  0.338/ 0.207/ 0.480/ 0.064 ms   85 pps
[  3] 45.00-46.00 sec  84.0 KBytes   688 Kbits/sec   0.062 ms    0/   84 (0%)  0.376/ 0.248/ 2.989/ 0.295 ms   85 pps
[  3] 46.00-47.00 sec  86.0 KBytes   705 Kbits/sec   0.141 ms    0/   86 (0%)  0.409/ 0.245/ 2.952/ 0.404 ms   85 pps
[  3] 47.00-48.00 sec  85.0 KBytes   696 Kbits/sec   0.078 ms    0/   85 (0%)  0.346/ 0.199/ 0.503/ 0.067 ms   85 pps
[  3] 48.00-49.00 sec  85.0 KBytes   696 Kbits/sec   0.402 ms    0/   85 (0%)  0.437/ 0.214/ 3.060/ 0.483 ms   86 pps
[  3] 49.00-50.00 sec  85.0 KBytes   696 Kbits/sec   0.215 ms    0/   85 (0%)  0.400/ 0.215/ 3.294/ 0.399 ms   85 pps
[  3] 50.00-51.00 sec  85.0 KBytes   696 Kbits/sec   0.331 ms    0/   85 (0%)  0.384/ 0.235/ 3.379/ 0.337 ms   85 pps
[  3] 51.00-52.00 sec  84.0 KBytes   688 Kbits/sec   0.098 ms    0/   84 (0%)  0.397/ 0.216/ 3.029/ 0.417 ms   85 pps
[  3] 52.00-53.00 sec  87.0 KBytes   713 Kbits/sec   0.086 ms    0/   87 (0%)  0.339/ 0.233/ 0.979/ 0.093 ms   86 pps
[  3] 53.00-54.00 sec  84.0 KBytes   688 Kbits/sec   0.212 ms    0/   84 (0%)  0.419/ 0.196/ 5.638/ 0.595 ms   84 pps
[  3] 54.00-55.00 sec  86.0 KBytes   705 Kbits/sec   0.081 ms    0/   86 (0%)  0.340/ 0.225/ 0.533/ 0.066 ms   86 pps
[  3] 55.00-56.00 sec  84.0 KBytes   688 Kbits/sec   0.122 ms    0/   84 (0%)  0.389/ 0.180/ 3.953/ 0.399 ms   85 pps
[  3] 56.00-57.00 sec  86.0 KBytes   705 Kbits/sec   0.214 ms    0/   86 (0%)  0.383/ 0.218/ 2.770/ 0.282 ms   85 pps
[  3] 57.00-58.00 sec  84.0 KBytes   688 Kbits/sec   0.089 ms    0/   84 (0%)  0.357/ 0.207/ 1.631/ 0.154 ms   85 pps
[  3] 58.00-59.00 sec  85.0 KBytes   696 Kbits/sec   0.064 ms    0/   85 (0%)  0.343/ 0.210/ 0.586/ 0.061 ms   85 pps
[  3] 59.00-60.00 sec  86.0 KBytes   705 Kbits/sec   0.066 ms    0/   86 (0%)  0.356/ 0.233/ 0.472/ 0.057 ms   85 pps
[  3] 60.00-61.00 sec  84.0 KBytes   688 Kbits/sec   0.063 ms    0/   84 (0%)  0.350/ 0.211/ 0.999/ 0.115 ms   85 pps
[  3] 61.00-62.00 sec  85.0 KBytes   696 Kbits/sec   0.080 ms    0/   85 (0%)  0.347/ 0.212/ 0.511/ 0.065 ms   85 pps
[  3] 62.00-63.00 sec  85.0 KBytes   696 Kbits/sec   0.074 ms    0/   85 (0%)  0.409/ 0.242/ 6.009/ 0.618 ms   85 pps
[  3] 63.00-64.00 sec  86.0 KBytes   705 Kbits/sec   0.468 ms    0/   86 (0%)  0.481/ 0.209/ 5.956/ 0.865 ms   85 pps
[  3] 64.00-65.00 sec  84.0 KBytes   688 Kbits/sec   0.676 ms    0/   84 (0%)  0.419/ 0.203/ 5.993/ 0.620 ms   84 pps
[  3] 65.00-66.00 sec  85.0 KBytes   696 Kbits/sec   0.081 ms    0/   85 (0%)  0.349/ 0.227/ 0.703/ 0.078 ms   85 pps
[  3] 66.00-67.00 sec  86.0 KBytes   705 Kbits/sec   0.382 ms    0/   86 (0%)  0.398/ 0.214/ 3.000/ 0.408 ms   86 pps
[  3] 67.00-68.00 sec  84.0 KBytes   688 Kbits/sec   0.562 ms    0/   84 (0%)  0.507/ 0.217/ 6.057/ 0.918 ms   84 pps
[  3] 68.00-69.00 sec  86.0 KBytes   705 Kbits/sec   0.070 ms    0/   86 (0%)  0.479/ 0.246/ 6.007/ 0.611 ms   86 pps
[  3] 69.00-70.00 sec  84.0 KBytes   688 Kbits/sec   0.071 ms    0/   84 (0%)  0.333/ 0.229/ 0.493/ 0.055 ms   85 pps
[  3] 70.00-71.00 sec  85.0 KBytes   696 Kbits/sec   0.067 ms    0/   85 (0%)  0.338/ 0.234/ 0.500/ 0.058 ms   85 pps
[  3] 71.00-72.00 sec  85.0 KBytes   696 Kbits/sec   0.100 ms    0/   85 (0%)  0.364/ 0.218/ 2.945/ 0.292 ms   85 pps
[  3] 72.00-73.00 sec  86.0 KBytes   705 Kbits/sec   0.071 ms    0/   86 (0%)  0.333/ 0.239/ 0.477/ 0.060 ms   85 pps
[  3] 73.00-74.00 sec  85.0 KBytes   696 Kbits/sec   0.083 ms    0/   85 (0%)  0.416/ 0.215/ 5.976/ 0.621 ms   85 pps
[  3] 74.00-75.00 sec  85.0 KBytes   696 Kbits/sec   0.067 ms    0/   85 (0%)  0.339/ 0.215/ 0.486/ 0.062 ms   85 pps
[  3] 75.00-76.00 sec  85.0 KBytes   696 Kbits/sec   0.190 ms    0/   85 (0%)  0.387/ 0.249/ 3.991/ 0.400 ms   86 pps
[  3] 76.00-77.00 sec  85.0 KBytes   696 Kbits/sec   0.084 ms    0/   85 (0%)  0.401/ 0.238/ 6.030/ 0.621 ms   85 pps
[  3] 77.00-78.00 sec  85.0 KBytes   696 Kbits/sec   0.057 ms    0/   85 (0%)  0.327/ 0.215/ 0.493/ 0.065 ms   85 pps
[  3] 78.00-79.00 sec  85.0 KBytes   696 Kbits/sec   0.088 ms    0/   85 (0%)  0.340/ 0.204/ 0.738/ 0.081 ms   84 pps
[  3] 79.00-80.00 sec  85.0 KBytes   696 Kbits/sec   0.062 ms    0/   85 (0%)  0.337/ 0.241/ 0.453/ 0.050 ms   85 pps
[  3] 80.00-81.00 sec  85.0 KBytes   696 Kbits/sec   0.106 ms    0/   85 (0%)  0.471/ 0.248/ 5.984/ 0.699 ms   85 pps
[  3] 81.00-82.00 sec  85.0 KBytes   696 Kbits/sec   0.133 ms    0/   85 (0%)  0.411/ 0.217/ 3.749/ 0.525 ms   85 pps
[  3] 82.00-83.00 sec  85.0 KBytes   696 Kbits/sec   0.071 ms    0/   85 (0%)  0.339/ 0.226/ 0.517/ 0.059 ms   86 pps
[  3] 83.00-84.00 sec  85.0 KBytes   696 Kbits/sec   0.502 ms    0/   85 (0%)  0.575/ 0.235/ 5.987/ 0.976 ms   84 pps
[  3] 84.00-85.00 sec  85.0 KBytes   696 Kbits/sec   0.071 ms    0/   85 (0%)  0.384/ 0.239/ 2.044/ 0.204 ms   86 pps
[  3] 85.00-86.00 sec  85.0 KBytes   696 Kbits/sec   0.613 ms    0/   85 (0%)  0.466/ 0.233/ 5.667/ 0.814 ms   85 pps
[  3] 86.00-87.00 sec  85.0 KBytes   696 Kbits/sec   0.077 ms    0/   85 (0%)  0.343/ 0.197/ 0.685/ 0.079 ms   86 pps
[  3] 87.00-88.00 sec  85.0 KBytes   696 Kbits/sec   0.115 ms    0/   85 (0%)  0.445/ 0.215/ 5.978/ 0.646 ms   85 pps
[  3] 88.00-89.00 sec  85.0 KBytes   696 Kbits/sec   0.070 ms    0/   85 (0%)  0.342/ 0.229/ 0.611/ 0.070 ms   86 pps
[  3] 89.00-90.00 sec  85.0 KBytes   696 Kbits/sec   0.082 ms    0/   85 (0%)  0.355/ 0.235/ 0.917/ 0.086 ms   84 pps
[  3] 90.00-91.00 sec  85.0 KBytes   696 Kbits/sec   0.474 ms    0/   85 (0%)  0.410/ 0.227/ 4.034/ 0.410 ms   85 pps
[  3] 91.00-92.00 sec  85.0 KBytes   696 Kbits/sec   0.051 ms    0/   85 (0%)  0.334/ 0.237/ 0.454/ 0.050 ms   85 pps
[  3] 92.00-93.00 sec  85.0 KBytes   696 Kbits/sec   0.322 ms    0/   85 (0%)  0.371/ 0.215/ 2.975/ 0.292 ms   85 pps
[  3] 93.00-94.00 sec  86.0 KBytes   705 Kbits/sec   0.132 ms    0/   86 (0%)  0.511/ 0.224/ 6.962/ 1.008 ms   85 pps
[  3] 94.00-95.00 sec  84.0 KBytes   688 Kbits/sec   0.151 ms    0/   84 (0%)  0.347/ 0.222/ 0.985/ 0.095 ms   85 pps
[  3] 95.00-96.00 sec  86.0 KBytes   705 Kbits/sec   0.379 ms    0/   86 (0%)  0.397/ 0.226/ 5.424/ 0.552 ms   85 pps
[  3] 96.00-97.00 sec  85.0 KBytes   696 Kbits/sec   0.139 ms    0/   85 (0%)  0.448/ 0.231/ 5.424/ 0.401 ms   86 pps
[  3] 97.00-98.00 sec  85.0 KBytes   696 Kbits/sec   0.062 ms    0/   85 (0%)  0.333/ 0.236/ 0.438/ 0.050 ms   85 pps
[  3] 98.00-99.00 sec  84.0 KBytes   688 Kbits/sec   0.080 ms    0/   84 (0%)  0.372/ 0.221/ 1.128/ 0.150 ms   85 pps
[  3] 99.00-100.00 sec  85.0 KBytes   696 Kbits/sec   0.087 ms    0/   85 (0%)  0.349/ 0.221/ 0.613/ 0.074 ms   85 pps
[  3] 0.00-100.02 sec  8.30 MBytes   697 Kbits/sec   0.084 ms    0/ 8504 (0%)  0.378/ 0.180/ 6.962/ 0.396 ms   85 pps



